Archive member included to satisfy reference by file (symbol)

E:/stm32stvari/stmide/STM32CubeIDE_1.18.1/STM32CubeIDE/plugins/com.st.stm32cube.ide.mcu.externaltools.gnu-tools-for-stm32.13.3.rel1.win32_1.0.0.202411081344/tools/bin/../lib/gcc/arm-none-eabi/13.3.1/../../../../arm-none-eabi/lib/thumb/v6-m/nofp\libc_nano.a(libc_a-exit.o)
                              E:/stm32stvari/stmide/STM32CubeIDE_1.18.1/STM32CubeIDE/plugins/com.st.stm32cube.ide.mcu.externaltools.gnu-tools-for-stm32.13.3.rel1.win32_1.0.0.202411081344/tools/bin/../lib/gcc/arm-none-eabi/13.3.1/../../../../arm-none-eabi/lib/thumb/v6-m/nofp/crt0.o (exit)
E:/stm32stvari/stmide/STM32CubeIDE_1.18.1/STM32CubeIDE/plugins/com.st.stm32cube.ide.mcu.externaltools.gnu-tools-for-stm32.13.3.rel1.win32_1.0.0.202411081344/tools/bin/../lib/gcc/arm-none-eabi/13.3.1/../../../../arm-none-eabi/lib/thumb/v6-m/nofp\libc_nano.a(libc_a-findfp.o)
                              E:/stm32stvari/stmide/STM32CubeIDE_1.18.1/STM32CubeIDE/plugins/com.st.stm32cube.ide.mcu.externaltools.gnu-tools-for-stm32.13.3.rel1.win32_1.0.0.202411081344/tools/bin/../lib/gcc/arm-none-eabi/13.3.1/../../../../arm-none-eabi/lib/thumb/v6-m/nofp\libc_nano.a(libc_a-exit.o) (__stdio_exit_handler)
E:/stm32stvari/stmide/STM32CubeIDE_1.18.1/STM32CubeIDE/plugins/com.st.stm32cube.ide.mcu.externaltools.gnu-tools-for-stm32.13.3.rel1.win32_1.0.0.202411081344/tools/bin/../lib/gcc/arm-none-eabi/13.3.1/../../../../arm-none-eabi/lib/thumb/v6-m/nofp\libc_nano.a(libc_a-fwalk.o)
                              E:/stm32stvari/stmide/STM32CubeIDE_1.18.1/STM32CubeIDE/plugins/com.st.stm32cube.ide.mcu.externaltools.gnu-tools-for-stm32.13.3.rel1.win32_1.0.0.202411081344/tools/bin/../lib/gcc/arm-none-eabi/13.3.1/../../../../arm-none-eabi/lib/thumb/v6-m/nofp\libc_nano.a(libc_a-findfp.o) (_fwalk_sglue)
E:/stm32stvari/stmide/STM32CubeIDE_1.18.1/STM32CubeIDE/plugins/com.st.stm32cube.ide.mcu.externaltools.gnu-tools-for-stm32.13.3.rel1.win32_1.0.0.202411081344/tools/bin/../lib/gcc/arm-none-eabi/13.3.1/../../../../arm-none-eabi/lib/thumb/v6-m/nofp\libc_nano.a(libc_a-stdio.o)
                              E:/stm32stvari/stmide/STM32CubeIDE_1.18.1/STM32CubeIDE/plugins/com.st.stm32cube.ide.mcu.externaltools.gnu-tools-for-stm32.13.3.rel1.win32_1.0.0.202411081344/tools/bin/../lib/gcc/arm-none-eabi/13.3.1/../../../../arm-none-eabi/lib/thumb/v6-m/nofp\libc_nano.a(libc_a-findfp.o) (__sread)
E:/stm32stvari/stmide/STM32CubeIDE_1.18.1/STM32CubeIDE/plugins/com.st.stm32cube.ide.mcu.externaltools.gnu-tools-for-stm32.13.3.rel1.win32_1.0.0.202411081344/tools/bin/../lib/gcc/arm-none-eabi/13.3.1/../../../../arm-none-eabi/lib/thumb/v6-m/nofp\libc_nano.a(libc_a-memset.o)
                              E:/stm32stvari/stmide/STM32CubeIDE_1.18.1/STM32CubeIDE/plugins/com.st.stm32cube.ide.mcu.externaltools.gnu-tools-for-stm32.13.3.rel1.win32_1.0.0.202411081344/tools/bin/../lib/gcc/arm-none-eabi/13.3.1/../../../../arm-none-eabi/lib/thumb/v6-m/nofp/crt0.o (memset)
E:/stm32stvari/stmide/STM32CubeIDE_1.18.1/STM32CubeIDE/plugins/com.st.stm32cube.ide.mcu.externaltools.gnu-tools-for-stm32.13.3.rel1.win32_1.0.0.202411081344/tools/bin/../lib/gcc/arm-none-eabi/13.3.1/../../../../arm-none-eabi/lib/thumb/v6-m/nofp\libc_nano.a(libc_a-closer.o)
                              E:/stm32stvari/stmide/STM32CubeIDE_1.18.1/STM32CubeIDE/plugins/com.st.stm32cube.ide.mcu.externaltools.gnu-tools-for-stm32.13.3.rel1.win32_1.0.0.202411081344/tools/bin/../lib/gcc/arm-none-eabi/13.3.1/../../../../arm-none-eabi/lib/thumb/v6-m/nofp\libc_nano.a(libc_a-stdio.o) (_close_r)
E:/stm32stvari/stmide/STM32CubeIDE_1.18.1/STM32CubeIDE/plugins/com.st.stm32cube.ide.mcu.externaltools.gnu-tools-for-stm32.13.3.rel1.win32_1.0.0.202411081344/tools/bin/../lib/gcc/arm-none-eabi/13.3.1/../../../../arm-none-eabi/lib/thumb/v6-m/nofp\libc_nano.a(libc_a-reent.o)
                              E:/stm32stvari/stmide/STM32CubeIDE_1.18.1/STM32CubeIDE/plugins/com.st.stm32cube.ide.mcu.externaltools.gnu-tools-for-stm32.13.3.rel1.win32_1.0.0.202411081344/tools/bin/../lib/gcc/arm-none-eabi/13.3.1/../../../../arm-none-eabi/lib/thumb/v6-m/nofp\libc_nano.a(libc_a-closer.o) (errno)
E:/stm32stvari/stmide/STM32CubeIDE_1.18.1/STM32CubeIDE/plugins/com.st.stm32cube.ide.mcu.externaltools.gnu-tools-for-stm32.13.3.rel1.win32_1.0.0.202411081344/tools/bin/../lib/gcc/arm-none-eabi/13.3.1/../../../../arm-none-eabi/lib/thumb/v6-m/nofp\libc_nano.a(libc_a-impure.o)
                              E:/stm32stvari/stmide/STM32CubeIDE_1.18.1/STM32CubeIDE/plugins/com.st.stm32cube.ide.mcu.externaltools.gnu-tools-for-stm32.13.3.rel1.win32_1.0.0.202411081344/tools/bin/../lib/gcc/arm-none-eabi/13.3.1/../../../../arm-none-eabi/lib/thumb/v6-m/nofp\libc_nano.a(libc_a-reent.o) (_impure_ptr)
[...]
Memory Configuration

Name             Origin             Length             Attributes
RAM              0x20000000         0x00001000         xrw
FLASH            0x08000000         0x00008000         xr
*default*        0x00000000         0xffffffff

Linker script and memory map

LOAD E:/stm32stvari/stmide/STM32CubeIDE_1.18.1/STM32CubeIDE/plugins/com.st.stm32cube.ide.mcu.externaltools.gnu-tools-for-stm32.13.3.rel1.win32_1.0.0.202411081344/tools/bin/../lib/gcc/arm-none-eabi/13.3.1/thumb/v6-m/nofp/crti.o
LOAD E:/stm32stvari/stmide/STM32CubeIDE_1.18.1/STM32CubeIDE/plugins/com.st.stm32cube.ide.mcu.externaltools.gnu-tools-for-stm32.13.3.rel1.win32_1.0.0.202411081344/tools/bin/../lib/gcc/arm-none-eabi/13.3.1/thumb/v6-m/nofp/crtbegin.o
LOAD E:/stm32stvari/stmide/STM32CubeIDE_1.18.1/STM32CubeIDE/plugins/com.st.stm32cube.ide.mcu.externaltools.gnu-tools-for-stm32.13.3.rel1.win32_1.0.0.202411081344/tools/bin/../lib/gcc/arm-none-eabi/13.3.1/../../../../arm-none-eabi/lib/thumb/v6-m/nofp/crt0.o
LOAD ./Core/Src/gpio.o
LOAD ./Core/Src/main.o
LOAD ./Core/Src/stm32f0xx_hal_msp.o
LOAD ./Core/Src/stm32f0xx_it.o
LOAD ./Core/Src/syscalls.o
LOAD ./Core/Src/sysmem.o
LOAD ./Core/Src/system_stm32f0xx.o
LOAD ./Core/Src/tim.o
LOAD ./Core/Startup/startup_stm32f031k6tx.o
LOAD ./Drivers/STM32F0xx_HAL_Driver/Src/stm32f0xx_hal.o
LOAD ./Drivers/STM32F0xx_HAL_Driver/Src/stm32f0xx_hal_cortex.o
LOAD ./Drivers/STM32F0xx_HAL_Driver/Src/stm32f0xx_hal_dma.o
LOAD ./Drivers/STM32F0xx_HAL_Driver/Src/stm32f0xx_hal_exti.o
LOAD ./Drivers/STM32F0xx_HAL_Driver/Src/stm32f0xx_hal_flash.o
LOAD ./Drivers/STM32F0xx_HAL_Driver/Src/stm32f0xx_hal_flash_ex.o
LOAD ./Drivers/STM32F0xx_HAL_Driver/Src/stm32f0xx_hal_gpio.o
LOAD ./Drivers/STM32F0xx_HAL_Driver/Src/stm32f0xx_hal_i2c.o
LOAD ./Drivers/STM32F0xx_HAL_Driver/Src/stm32f0xx_hal_i2c_ex.o
LOAD ./Drivers/STM32F0xx_HAL_Driver/Src/stm32f0xx_hal_pwr.o
LOAD ./Drivers/STM32F0xx_HAL_Driver/Src/stm32f0xx_hal_pwr_ex.o
LOAD ./Drivers/STM32F0xx_HAL_Driver/Src/stm32f0xx_hal_rcc.o
LOAD ./Drivers/STM32F0xx_HAL_Driver/Src/stm32f0xx_hal_rcc_ex.o
LOAD ./Drivers/STM32F0xx_HAL_Driver/Src/stm32f0xx_hal_tim.o
LOAD ./Drivers/STM32F0xx_HAL_Driver/Src/stm32f0xx_hal_tim_ex.o
START GROUP
LOAD E:/stm32stvari/stmide/STM32CubeIDE_1.18.1/STM32CubeIDE/plugins/com.st.stm32cube.ide.mcu.externaltools.gnu-tools-for-stm32.13.3.rel1.win32_1.0.0.202411081344/tools/bin/../lib/gcc/arm-none-eabi/13.3.1/../../../../arm-none-eabi/lib/thumb/v6-m/nofp\libc_nano.a
LOAD E:/stm32stvari/stmide/STM32CubeIDE_1.18.1/STM32CubeIDE/plugins/com.st.stm32cube.ide.mcu.externaltools.gnu-tools-for-stm32.13.3.rel1.win32_1.0.0.202411081344/tools/bin/../lib/gcc/arm-none-eabi/13.3.1/../../../../arm-none-eabi/lib/thumb/v6-m/nofp\libm.a
END GROUP
START GROUP
LOAD E:/stm32stvari/stmide/STM32CubeIDE_1.18.1/STM32CubeIDE/plugins/com.st.stm32cube.ide.mcu.externaltools.gnu-tools-for-stm32.13.3.rel1.win32_1.0.0.202411081344/tools/bin/../lib/gcc/arm-none-eabi/13.3.1/thumb/v6-m/nofp\libgcc.a
LOAD E:/stm32stvari/stmide/STM32CubeIDE_1.18.1/STM32CubeIDE/plugins/com.st.stm32cube.ide.mcu.externaltools.gnu-tools-for-stm32.13.3.rel1.win32_1.0.0.202411081344/tools/bin/../lib/gcc/arm-none-eabi/13.3.1/../../../../arm-none-eabi/lib/thumb/v6-m/nofp\libc_nano.a
END GROUP
START GROUP
LOAD E:/stm32stvari/stmide/STM32CubeIDE_1.18.1/STM32CubeIDE/plugins/com.st.stm32cube.ide.mcu.externaltools.gnu-tools-for-stm32.13.3.rel1.win32_1.0.0.202411081344/tools/bin/../lib/gcc/arm-none-eabi/13.3.1/thumb/v6-m/nofp\libgcc.a
LOAD E:/stm32stvari/stmide/STM32CubeIDE_1.18.1/STM32CubeIDE/plugins/com.st.stm32cube.ide.mcu.externaltools.gnu-tools-for-stm32.13.3.rel1.win32_1.0.0.202411081344/tools/bin/../lib/gcc/arm-none-eabi/13.3.1/../../../../arm-none-eabi/lib/thumb/v6-m/nofp\libc_nano.a
LOAD E:/stm32stvari/stmide/STM32CubeIDE_1.18.1/STM32CubeIDE/plugins/com.st.stm32cube.ide.mcu.externaltools.gnu-tools-for-stm32.13.3.rel1.win32_1.0.0.202411081344/tools/bin/../lib/gcc/arm-none-eabi/13.3.1/../../../../arm-none-eabi/lib/thumb/v6-m/nofp\libnosys.a
END GROUP
START GROUP
LOAD E:/stm32stvari/stmide/STM32CubeIDE_1.18.1/STM32CubeIDE/plugins/com.st.stm32cube.ide.mcu.externaltools.gnu-tools-for-stm32.13.3.rel1.win32_1.0.0.202411081344/tools/bin/../lib/gcc/arm-none-eabi/13.3.1/thumb/v6-m/nofp\libgcc.a
LOAD E:/stm32stvari/stmide/STM32CubeIDE_1.18.1/STM32CubeIDE/plugins/com.st.stm32cube.ide.mcu.externaltools.gnu-tools-for-stm32.13.3.rel1.win32_1.0.0.202411081344/tools/bin/../lib/gcc/arm-none-eabi/13.3.1/../../../../arm-none-eabi/lib/thumb/v6-m/nofp\libc_nano.a
LOAD E:/stm32stvari/stmide/STM32CubeIDE_1.18.1/STM32CubeIDE/plugins/com.st.stm32cube.ide.mcu.externaltools.gnu-tools-for-stm32.13.3.rel1.win32_1.0.0.202411081344/tools/bin/../lib/gcc/arm-none-eabi/13.3.1/../../../../arm-none-eabi/lib/thumb/v6-m/nofp\libnosys.a
END GROUP
LOAD E:/stm32stvari/stmide/STM32CubeIDE_1.18.1/STM32CubeIDE/plugins/com.st.stm32cube.ide.mcu.externaltools.gnu-tools-for-stm32.13.3.rel1.win32_1.0.0.202411081344/tools/bin/../lib/gcc/arm-none-eabi/13.3.1/thumb/v6-m/nofp/crtend.o
LOAD E:/stm32stvari/stmide/STM32CubeIDE_1.18.1/STM32CubeIDE/plugins/com.st.stm32cube.ide.mcu.externaltools.gnu-tools-for-stm32.13.3.rel1.win32_1.0.0.202411081344/tools/bin/../lib/gcc/arm-none-eabi/13.3.1/thumb/v6-m/nofp/crtn.o
                0x20001000                        _estack = (ORIGIN (RAM) + LENGTH (RAM))
                0x00000200                        _Min_Heap_Size = 0x200
                0x00000400                        _Min_Stack_Size = 0x400

.isr_vector     0x08000000       0xc0
                0x08000000                        . = ALIGN (0x4)
 *(.isr_vector)
 .isr_vector    0x08000000       0xc0 ./Core/Startup/startup_stm32f031k6tx.o
                0x08000000                g_pfnVectors
                0x080000c0                        . = ALIGN (0x4)

.text           0x080000c0     0x36c0
                0x080000c0                        . = ALIGN (0x4)
 *(.text)
 .text          0x080000c0       0x48 E:/stm32stvari/stmide/STM32CubeIDE_1.18.1/STM32CubeIDE/plugins/com.st.stm32cube.ide.mcu.externaltools.gnu-tools-for-stm32.13.3.rel1.win32_1.0.0.202411081344/tools/bin/../lib/gcc/arm-none-eabi/13.3.1/thumb/v6-m/nofp/crtbegin.o
 .text          0x08000108      0x114 E:/stm32stvari/stmide/STM32CubeIDE_1.18.1/STM32CubeIDE/plugins/com.st.stm32cube.ide.mcu.externaltools.gnu-tools-for-stm32.13.3.rel1.win32_1.0.0.202411081344/tools/bin/../lib/gcc/arm-none-eabi/13.3.1/thumb/v6-m/nofp\libgcc.a(_udivsi3.o)
                0x08000108                __aeabi_uidiv
                0x08000108                __udivsi3
                0x08000214                __aeabi_uidivmod
 .text          0x0800021c      0x1d4 E:/stm32stvari/stmide/STM32CubeIDE_1.18.1/STM32CubeIDE/plugins/com.st.stm32cube.ide.mcu.externaltools.gnu-tools-for-stm32.13.3.rel1.win32_1.0.0.202411081344/tools/bin/../lib/gcc/arm-none-eabi/13.3.1/thumb/v6-m/nofp\libgcc.a(_divsi3.o)
                0x0800021c                __divsi3
                0x0800021c                __aeabi_idiv
                0x080003e8                __aeabi_idivmod
 .text          0x080003f0        0x4 E:/stm32stvari/stmide/STM32CubeIDE_1.18.1/STM32CubeIDE/plugins/com.st.stm32cube.ide.mcu.externaltools.gnu-tools-for-stm32.13.3.rel1.win32_1.0.0.202411081344/tools/bin/../lib/gcc/arm-none-eabi/13.3.1/thumb/v6-m/nofp\libgcc.a(_dvmd_tls.o)
                0x080003f0                __aeabi_idiv0
                0x080003f0                __aeabi_ldiv0
 *(.text*)
 .text.MX_GPIO_Init
                0x080003f4      0x130 ./Core/Src/gpio.o
                0x080003f4                MX_GPIO_Init
 .text.Laser_Control
                0x08000524       0x50 ./Core/Src/main.o
                0x08000524                Laser_Control
 .text.Check_Laser_Timeout
                0x08000574       0x38 ./Core/Src/main.o
                0x08000574                Check_Laser_Timeout
 .text.Servo_Set_Angle
                0x080005ac       0x68 ./Core/Src/main.o
                0x080005ac                Servo_Set_Angle
 .text.Set_LED_Mod1
                0x08000614       0x2c ./Core/Src/main.o
                0x08000614                Set_LED_Mod1
 .text.Set_LED_Mod2
                0x08000640       0x2e ./Core/Src/main.o
                0x08000640                Set_LED_Mod2
 .text.Set_LED_Mod3
                0x0800066e       0x2e ./Core/Src/main.o
                0x0800066e                Set_LED_Mod3
 .text.Update_Mode_LEDs
                0x0800069c       0x94 ./Core/Src/main.o
                0x0800069c                Update_Mode_LEDs
 .text.HCSR04_Start_With_Filter
                0x08000730       0x4c ./Core/Src/main.o
                0x08000730                HCSR04_Start_With_Filter
 .text.Stepper_Update
                0x0800077c      0x130 ./Core/Src/main.o
                0x0800077c                Stepper_Update
 .text.Stepper_Turn_To_Exact_Position
                0x080008ac       0x64 ./Core/Src/main.o
                0x080008ac                Stepper_Turn_To_Exact_Position
 .text.Track_Closest_Object
                0x08000910       0x54 ./Core/Src/main.o
                0x08000910                Track_Closest_Object
 .text.HAL_TIM_IC_CaptureCallback
                0x08000964      0x1a8 ./Core/Src/main.o
                0x08000964                HAL_TIM_IC_CaptureCallback
 .text.HAL_GPIO_EXTI_Callback
                0x08000b0c       0x98 ./Core/Src/main.o
                0x08000b0c                HAL_GPIO_EXTI_Callback
 .text.Handle_Button_Presses
                0x08000ba4      0x114 ./Core/Src/main.o
                0x08000ba4                Handle_Button_Presses
 .text.main     0x08000cb8      0x46c ./Core/Src/main.o
                0x08000cb8                main
 .text.SystemClock_Config
                0x08001124       0x80 ./Core/Src/main.o
                0x08001124                SystemClock_Config
 .text.Error_Handler
                0x080011a4        0xc ./Core/Src/main.o
                0x080011a4                Error_Handler
 .text.HAL_MspInit
                0x080011b0       0x48 ./Core/Src/stm32f0xx_hal_msp.o
                0x080011b0                HAL_MspInit
 .text.NMI_Handler
                0x080011f8        0x8 ./Core/Src/stm32f0xx_it.o
                0x080011f8                NMI_Handler
 .text.HardFault_Handler
                0x08001200        0x8 ./Core/Src/stm32f0xx_it.o
                0x08001200                HardFault_Handler
 .text.SVC_Handler
                0x08001208        0xa ./Core/Src/stm32f0xx_it.o
                0x08001208                SVC_Handler
 .text.PendSV_Handler
                0x08001212        0xa ./Core/Src/stm32f0xx_it.o
                0x08001212                PendSV_Handler
 .text.SysTick_Handler
                0x0800121c        0xe ./Core/Src/stm32f0xx_it.o
                0x0800121c                SysTick_Handler
 .text.EXTI0_1_IRQHandler
                0x0800122a       0x16 ./Core/Src/stm32f0xx_it.o
                0x0800122a                EXTI0_1_IRQHandler
 .text.EXTI2_3_IRQHandler
                0x08001240       0x10 ./Core/Src/stm32f0xx_it.o
                0x08001240                EXTI2_3_IRQHandler
 .text.TIM2_IRQHandler
                0x08001250       0x18 ./Core/Src/stm32f0xx_it.o
                0x08001250                TIM2_IRQHandler
 .text.SystemInit
                0x08001268        0xa ./Core/Src/system_stm32f0xx.o
                0x08001268                SystemInit
 *fill*         0x08001272        0x2 
 .text.MX_TIM2_Init
                0x08001274       0xb8 ./Core/Src/tim.o
                0x08001274                MX_TIM2_Init
 .text.MX_TIM14_Init
                0x0800132c       0xa0 ./Core/Src/tim.o
                0x0800132c                MX_TIM14_Init
 .text.HAL_TIM_IC_MspInit
                0x080013cc       0xa4 ./Core/Src/tim.o
                0x080013cc                HAL_TIM_IC_MspInit
 .text.HAL_TIM_Base_MspInit
                0x08001470       0x40 ./Core/Src/tim.o
                0x08001470                HAL_TIM_Base_MspInit
 .text.HAL_TIM_MspPostInit
                0x080014b0       0x7c ./Core/Src/tim.o
                0x080014b0                HAL_TIM_MspPostInit
 .text.Reset_Handler
                0x0800152c       0x50 ./Core/Startup/startup_stm32f031k6tx.o
                0x0800152c                Reset_Handler
 .text.Default_Handler
                0x0800157c        0x2 ./Core/Startup/startup_stm32f031k6tx.o
                0x0800157c                TIM1_CC_IRQHandler
                0x0800157c                PVD_IRQHandler
                0x0800157c                I2C1_IRQHandler
                0x0800157c                SPI1_IRQHandler
                0x0800157c                ADC1_IRQHandler
                0x0800157c                TIM17_IRQHandler
                0x0800157c                RTC_IRQHandler
                0x0800157c                TIM16_IRQHandler
                0x0800157c                TIM3_IRQHandler
                0x0800157c                EXTI4_15_IRQHandler
                0x0800157c                RCC_IRQHandler
                0x0800157c                DMA1_Channel1_IRQHandler
                0x0800157c                Default_Handler
                0x0800157c                TIM14_IRQHandler
                0x0800157c                DMA1_Channel4_5_IRQHandler
                0x0800157c                WWDG_IRQHandler
                0x0800157c                DMA1_Channel2_3_IRQHandler
                0x0800157c                FLASH_IRQHandler
                0x0800157c                USART1_IRQHandler
                0x0800157c                TIM1_BRK_UP_TRG_COM_IRQHandler
 *fill*         0x0800157e        0x2 
 .text.HAL_Init
                0x08001580       0x28 ./Drivers/STM32F0xx_HAL_Driver/Src/stm32f0xx_hal.o
                0x08001580                HAL_Init
 .text.HAL_InitTick
                0x080015a8       0x68 ./Drivers/STM32F0xx_HAL_Driver/Src/stm32f0xx_hal.o
                0x080015a8                HAL_InitTick
 .text.HAL_IncTick
                0x08001610       0x24 ./Drivers/STM32F0xx_HAL_Driver/Src/stm32f0xx_hal.o
                0x08001610                HAL_IncTick
 .text.HAL_GetTick
                0x08001634       0x14 ./Drivers/STM32F0xx_HAL_Driver/Src/stm32f0xx_hal.o
                0x08001634                HAL_GetTick
 .text.HAL_Delay
                0x08001648       0x48 ./Drivers/STM32F0xx_HAL_Driver/Src/stm32f0xx_hal.o
                0x08001648                HAL_Delay
 .text.__NVIC_EnableIRQ
                0x08001690       0x34 ./Drivers/STM32F0xx_HAL_Driver/Src/stm32f0xx_hal_cortex.o
 .text.__NVIC_SetPriority
                0x080016c4       0xdc ./Drivers/STM32F0xx_HAL_Driver/Src/stm32f0xx_hal_cortex.o
 .text.SysTick_Config
                0x080017a0       0x48 ./Drivers/STM32F0xx_HAL_Driver/Src/stm32f0xx_hal_cortex.o
 .text.HAL_NVIC_SetPriority
                0x080017e8       0x2a ./Drivers/STM32F0xx_HAL_Driver/Src/stm32f0xx_hal_cortex.o
                0x080017e8                HAL_NVIC_SetPriority
 .text.HAL_NVIC_EnableIRQ
                0x08001812       0x20 ./Drivers/STM32F0xx_HAL_Driver/Src/stm32f0xx_hal_cortex.o
                0x08001812                HAL_NVIC_EnableIRQ
 .text.HAL_SYSTICK_Config
                0x08001832       0x1a ./Drivers/STM32F0xx_HAL_Driver/Src/stm32f0xx_hal_cortex.o
                0x08001832                HAL_SYSTICK_Config
 .text.HAL_GPIO_Init
                0x0800184c      0x2d0 ./Drivers/STM32F0xx_HAL_Driver/Src/stm32f0xx_hal_gpio.o
                0x0800184c                HAL_GPIO_Init
 .text.HAL_GPIO_ReadPin
                0x08001b1c       0x3a ./Drivers/STM32F0xx_HAL_Driver/Src/stm32f0xx_hal_gpio.o
                0x08001b1c                HAL_GPIO_ReadPin
 .text.HAL_GPIO_WritePin
                0x08001b56       0x3a ./Drivers/STM32F0xx_HAL_Driver/Src/stm32f0xx_hal_gpio.o
                0x08001b56                HAL_GPIO_WritePin
 .text.HAL_GPIO_EXTI_IRQHandler
                0x08001b90       0x38 ./Drivers/STM32F0xx_HAL_Driver/Src/stm32f0xx_hal_gpio.o
                0x08001b90                HAL_GPIO_EXTI_IRQHandler
 .text.HAL_RCC_OscConfig
                0x08001bc8      0x634 ./Drivers/STM32F0xx_HAL_Driver/Src/stm32f0xx_hal_rcc.o
                0x08001bc8                HAL_RCC_OscConfig
 .text.HAL_RCC_ClockConfig
                0x080021fc      0x19c ./Drivers/STM32F0xx_HAL_Driver/Src/stm32f0xx_hal_rcc.o
                0x080021fc                HAL_RCC_ClockConfig
 .text.HAL_RCC_GetSysClockFreq
                0x08002398       0xac ./Drivers/STM32F0xx_HAL_Driver/Src/stm32f0xx_hal_rcc.o
                0x08002398                HAL_RCC_GetSysClockFreq
 .text.HAL_TIM_Base_Init
                0x08002444       0xa0 ./Drivers/STM32F0xx_HAL_Driver/Src/stm32f0xx_hal_tim.o
                0x08002444                HAL_TIM_Base_Init
 .text.HAL_TIM_PWM_Init
                0x080024e4       0xa0 ./Drivers/STM32F0xx_HAL_Driver/Src/stm32f0xx_hal_tim.o
                0x080024e4                HAL_TIM_PWM_Init
 .text.HAL_TIM_PWM_MspInit
                0x08002584       0x10 ./Drivers/STM32F0xx_HAL_Driver/Src/stm32f0xx_hal_tim.o
                0x08002584                HAL_TIM_PWM_MspInit
 .text.HAL_TIM_PWM_Start
                0x08002594      0x158 ./Drivers/STM32F0xx_HAL_Driver/Src/stm32f0xx_hal_tim.o
                0x08002594                HAL_TIM_PWM_Start
 .text.HAL_TIM_IC_Init
                0x080026ec       0xa0 ./Drivers/STM32F0xx_HAL_Driver/Src/stm32f0xx_hal_tim.o
                0x080026ec                HAL_TIM_IC_Init
 .text.HAL_TIM_IC_Start_IT
                0x0800278c      0x210 ./Drivers/STM32F0xx_HAL_Driver/Src/stm32f0xx_hal_tim.o
                0x0800278c                HAL_TIM_IC_Start_IT
 .text.HAL_TIM_IRQHandler
                0x0800299c      0x1dc ./Drivers/STM32F0xx_HAL_Driver/Src/stm32f0xx_hal_tim.o
                0x0800299c                HAL_TIM_IRQHandler
 .text.HAL_TIM_IC_ConfigChannel
                0x08002b78      0x148 ./Drivers/STM32F0xx_HAL_Driver/Src/stm32f0xx_hal_tim.o
                0x08002b78                HAL_TIM_IC_ConfigChannel
 .text.HAL_TIM_PWM_ConfigChannel
                0x08002cc0      0x18c ./Drivers/STM32F0xx_HAL_Driver/Src/stm32f0xx_hal_tim.o
                0x08002cc0                HAL_TIM_PWM_ConfigChannel
 .text.HAL_TIM_ReadCapturedValue
                0x08002e4c       0x68 ./Drivers/STM32F0xx_HAL_Driver/Src/stm32f0xx_hal_tim.o
                0x08002e4c                HAL_TIM_ReadCapturedValue
 .text.HAL_TIM_PeriodElapsedCallback
                0x08002eb4       0x10 ./Drivers/STM32F0xx_HAL_Driver/Src/stm32f0xx_hal_tim.o
                0x08002eb4                HAL_TIM_PeriodElapsedCallback
 .text.HAL_TIM_OC_DelayElapsedCallback
                0x08002ec4       0x10 ./Drivers/STM32F0xx_HAL_Driver/Src/stm32f0xx_hal_tim.o
                0x08002ec4                HAL_TIM_OC_DelayElapsedCallback
 .text.HAL_TIM_PWM_PulseFinishedCallback
                0x08002ed4       0x10 ./Drivers/STM32F0xx_HAL_Driver/Src/stm32f0xx_hal_tim.o
                0x08002ed4                HAL_TIM_PWM_PulseFinishedCallback
 .text.HAL_TIM_TriggerCallback
                0x08002ee4       0x10 ./Drivers/STM32F0xx_HAL_Driver/Src/stm32f0xx_hal_tim.o
                0x08002ee4                HAL_TIM_TriggerCallback
 .text.TIM_Base_SetConfig
                0x08002ef4      0x108 ./Drivers/STM32F0xx_HAL_Driver/Src/stm32f0xx_hal_tim.o
                0x08002ef4                TIM_Base_SetConfig
 .text.TIM_OC1_SetConfig
                0x08002ffc       0xfc ./Drivers/STM32F0xx_HAL_Driver/Src/stm32f0xx_hal_tim.o
 .text.TIM_OC2_SetConfig
                0x080030f8       0xfc ./Drivers/STM32F0xx_HAL_Driver/Src/stm32f0xx_hal_tim.o
                0x080030f8                TIM_OC2_SetConfig
 .text.TIM_OC3_SetConfig
                0x080031f4      0x100 ./Drivers/STM32F0xx_HAL_Driver/Src/stm32f0xx_hal_tim.o
 .text.TIM_OC4_SetConfig
                0x080032f4       0xc8 ./Drivers/STM32F0xx_HAL_Driver/Src/stm32f0xx_hal_tim.o
 .text.TIM_TI1_SetConfig
                0x080033bc       0xac ./Drivers/STM32F0xx_HAL_Driver/Src/stm32f0xx_hal_tim.o
                0x080033bc                TIM_TI1_SetConfig
 .text.TIM_TI2_SetConfig
                0x08003468       0x84 ./Drivers/STM32F0xx_HAL_Driver/Src/stm32f0xx_hal_tim.o
 .text.TIM_TI3_SetConfig
                0x080034ec       0x80 ./Drivers/STM32F0xx_HAL_Driver/Src/stm32f0xx_hal_tim.o
 .text.TIM_TI4_SetConfig
                0x0800356c       0x8c ./Drivers/STM32F0xx_HAL_Driver/Src/stm32f0xx_hal_tim.o
 .text.TIM_CCxChannelCmd
                0x080035f8       0x46 ./Drivers/STM32F0xx_HAL_Driver/Src/stm32f0xx_hal_tim.o
                0x080035f8                TIM_CCxChannelCmd
 *fill*         0x0800363e        0x2 
 .text.HAL_TIMEx_MasterConfigSynchronization
                0x08003640       0xb0 ./Drivers/STM32F0xx_HAL_Driver/Src/stm32f0xx_hal_tim_ex.o
                0x08003640                HAL_TIMEx_MasterConfigSynchronization
 .text.HAL_TIMEx_CommutCallback
                0x080036f0       0x10 ./Drivers/STM32F0xx_HAL_Driver/Src/stm32f0xx_hal_tim_ex.o
                0x080036f0                HAL_TIMEx_CommutCallback
 .text.HAL_TIMEx_BreakCallback
                0x08003700       0x10 ./Drivers/STM32F0xx_HAL_Driver/Src/stm32f0xx_hal_tim_ex.o
                0x08003700                HAL_TIMEx_BreakCallback
 .text.memset   0x08003710       0x10 E:/stm32stvari/stmide/STM32CubeIDE_1.18.1/STM32CubeIDE/plugins/com.st.stm32cube.ide.mcu.externaltools.gnu-tools-for-stm32.13.3.rel1.win32_1.0.0.202411081344/tools/bin/../lib/gcc/arm-none-eabi/13.3.1/../../../../arm-none-eabi/lib/thumb/v6-m/nofp\libc_nano.a(libc_a-memset.o)
                0x08003710                memset
 .text.__libc_init_array
                0x08003720       0x48 E:/stm32stvari/stmide/STM32CubeIDE_1.18.1/STM32CubeIDE/plugins/com.st.stm32cube.ide.mcu.externaltools.gnu-tools-for-stm32.13.3.rel1.win32_1.0.0.202411081344/tools/bin/../lib/gcc/arm-none-eabi/13.3.1/../../../../arm-none-eabi/lib/thumb/v6-m/nofp\libc_nano.a(libc_a-init.o)
                0x08003720                __libc_init_array
 *(.glue_7)
 .glue_7        0x08003768        0x0 linker stubs
 *(.glue_7t)
 .glue_7t       0x08003768        0x0 linker stubs
 *(.eh_frame)
 .eh_frame      0x08003768        0x0 E:/stm32stvari/stmide/STM32CubeIDE_1.18.1/STM32CubeIDE/plugins/com.st.stm32cube.ide.mcu.externaltools.gnu-tools-for-stm32.13.3.rel1.win32_1.0.0.202411081344/tools/bin/../lib/gcc/arm-none-eabi/13.3.1/thumb/v6-m/nofp/crtbegin.o
 *(.init)
 .init          0x08003768        0x4 E:/stm32stvari/stmide/STM32CubeIDE_1.18.1/STM32CubeIDE/plugins/com.st.stm32cube.ide.mcu.externaltools.gnu-tools-for-stm32.13.3.rel1.win32_1.0.0.202411081344/tools/bin/../lib/gcc/arm-none-eabi/13.3.1/thumb/v6-m/nofp/crti.o
                0x08003768                _init
 .init          0x0800376c        0x8 E:/stm32stvari/stmide/STM32CubeIDE_1.18.1/STM32CubeIDE/plugins/com.st.stm32cube.ide.mcu.externaltools.gnu-tools-for-stm32.13.3.rel1.win32_1.0.0.202411081344/tools/bin/../lib/gcc/arm-none-eabi/13.3.1/thumb/v6-m/nofp/crtn.o
 *(.fini)
 .fini          0x08003774        0x4 E:/stm32stvari/stmide/STM32CubeIDE_1.18.1/STM32CubeIDE/plugins/com.st.stm32cube.ide.mcu.externaltools.gnu-tools-for-stm32.13.3.rel1.win32_1.0.0.202411081344/tools/bin/../lib/gcc/arm-none-eabi/13.3.1/thumb/v6-m/nofp/crti.o
                0x08003774                _fini
 .fini          0x08003778        0x8 E:/stm32stvari/stmide/STM32CubeIDE_1.18.1/STM32CubeIDE/plugins/com.st.stm32cube.ide.mcu.externaltools.gnu-tools-for-stm32.13.3.rel1.win32_1.0.0.202411081344/tools/bin/../lib/gcc/arm-none-eabi/13.3.1/thumb/v6-m/nofp/crtn.o
                0x08003780                        . = ALIGN (0x4)
                0x08003780                        _etext = .

.vfp11_veneer   0x08003780        0x0
 .vfp11_veneer  0x08003780        0x0 linker stubs

.v4_bx          0x08003780        0x0
 .v4_bx         0x08003780        0x0 linker stubs

.iplt           0x08003780        0x0
 .iplt          0x08003780        0x0 E:/stm32stvari/stmide/STM32CubeIDE_1.18.1/STM32CubeIDE/plugins/com.st.stm32cube.ide.mcu.externaltools.gnu-tools-for-stm32.13.3.rel1.win32_1.0.0.202411081344/tools/bin/../lib/gcc/arm-none-eabi/13.3.1/thumb/v6-m/nofp/crtbegin.o

.rodata         0x08003780       0x30
                0x08003780                        . = ALIGN (0x4)
 *(.rodata)
 *(.rodata*)
 .rodata.AHBPrescTable
                0x08003780       0x10 ./Core/Src/system_stm32f0xx.o
                0x08003780                AHBPrescTable
 .rodata.aPLLMULFactorTable.1
                0x08003790       0x10 ./Drivers/STM32F0xx_HAL_Driver/Src/stm32f0xx_hal_rcc.o
 .rodata.aPredivFactorTable.0
                0x080037a0       0x10 ./Drivers/STM32F0xx_HAL_Driver/Src/stm32f0xx_hal_rcc.o
                0x080037b0                        . = ALIGN (0x4)

.ARM.extab      0x080037b0        0x0
                0x080037b0                        . = ALIGN (0x4)
 *(.ARM.extab* .gnu.linkonce.armextab.*)
                0x080037b0                        . = ALIGN (0x4)

.ARM            0x080037b0        0x0
                0x080037b0                        . = ALIGN (0x4)
                0x080037b0                        __exidx_start = .
 *(.ARM.exidx*)
                0x080037b0                        __exidx_end = .
                0x080037b0                        . = ALIGN (0x4)

.preinit_array  0x080037b0        0x0
                0x080037b0                        . = ALIGN (0x4)
                0x080037b0                        PROVIDE (__preinit_array_start = .)
 *(.preinit_array*)
                0x080037b0                        PROVIDE (__preinit_array_end = .)
                0x080037b0                        . = ALIGN (0x4)

.init_array     0x080037b0        0x4
                0x080037b0                        . = ALIGN (0x4)
                0x080037b0                        PROVIDE (__init_array_start = .)
 *(SORT_BY_NAME(.init_array.*))
 *(.init_array*)
 .init_array    0x080037b0        0x4 E:/stm32stvari/stmide/STM32CubeIDE_1.18.1/STM32CubeIDE/plugins/com.st.stm32cube.ide.mcu.externaltools.gnu-tools-for-stm32.13.3.rel1.win32_1.0.0.202411081344/tools/bin/../lib/gcc/arm-none-eabi/13.3.1/thumb/v6-m/nofp/crtbegin.o
                0x080037b4                        PROVIDE (__init_array_end = .)
                0x080037b4                        . = ALIGN (0x4)

.fini_array     0x080037b4        0x4
                0x080037b4                        . = ALIGN (0x4)
                [!provide]                        PROVIDE (__fini_array_start = .)
 *(SORT_BY_NAME(.fini_array.*))
 *(.fini_array*)
 .fini_array    0x080037b4        0x4 E:/stm32stvari/stmide/STM32CubeIDE_1.18.1/STM32CubeIDE/plugins/com.st.stm32cube.ide.mcu.externaltools.gnu-tools-for-stm32.13.3.rel1.win32_1.0.0.202411081344/tools/bin/../lib/gcc/arm-none-eabi/13.3.1/thumb/v6-m/nofp/crtbegin.o
                [!provide]                        PROVIDE (__fini_array_end = .)
                0x080037b8                        . = ALIGN (0x4)
                0x080037b8                        _sidata = LOADADDR (.data)

.rel.dyn        0x080037b8        0x0
 .rel.iplt      0x080037b8        0x0 E:/stm32stvari/stmide/STM32CubeIDE_1.18.1/STM32CubeIDE/plugins/com.st.stm32cube.ide.mcu.externaltools.gnu-tools-for-stm32.13.3.rel1.win32_1.0.0.202411081344/tools/bin/../lib/gcc/arm-none-eabi/13.3.1/thumb/v6-m/nofp/crtbegin.o

.data           0x20000000       0x30 load address 0x080037b8
                0x20000000                        . = ALIGN (0x4)
                0x20000000                        _sdata = .
 *(.data)
 *(.data*)
 .data.stepper_sequence
                0x20000000       0x20 ./Core/Src/main.o
                0x20000000                stepper_sequence
 .data.operation_mode
                0x20000020        0x1 ./Core/Src/main.o
                0x20000020                operation_mode
 *fill*         0x20000021        0x3 
 .data.SystemCoreClock
                0x20000024        0x4 ./Core/Src/system_stm32f0xx.o
                0x20000024                SystemCoreClock
 .data.uwTickPrio
                0x20000028        0x4 ./Drivers/STM32F0xx_HAL_Driver/Src/stm32f0xx_hal.o
                0x20000028                uwTickPrio
 .data.uwTickFreq
                0x2000002c        0x1 ./Drivers/STM32F0xx_HAL_Driver/Src/stm32f0xx_hal.o
                0x2000002c                uwTickFreq
 *(.RamFunc)
 *(.RamFunc*)
                0x20000030                        . = ALIGN (0x4)
 *fill*         0x2000002d        0x3 
                0x20000030                        _edata = .

.igot.plt       0x20000030        0x0 load address 0x080037e8
 .igot.plt      0x20000030        0x0 E:/stm32stvari/stmide/STM32CubeIDE_1.18.1/STM32CubeIDE/plugins/com.st.stm32cube.ide.mcu.externaltools.gnu-tools-for-stm32.13.3.rel1.win32_1.0.0.202411081344/tools/bin/../lib/gcc/arm-none-eabi/13.3.1/thumb/v6-m/nofp/crtbegin.o
                0x20000030                        . = ALIGN (0x4)

.bss            0x20000030      0x10c load address 0x080037e8
                0x20000030                        _sbss = .
                0x20000030                        __bss_start__ = _sbss
 *(.bss)
 .bss           0x20000030       0x1c E:/stm32stvari/stmide/STM32CubeIDE_1.18.1/STM32CubeIDE/plugins/com.st.stm32cube.ide.mcu.externaltools.gnu-tools-for-stm32.13.3.rel1.win32_1.0.0.202411081344/tools/bin/../lib/gcc/arm-none-eabi/13.3.1/thumb/v6-m/nofp/crtbegin.o
 *(.bss*)
 .bss.IC_Val1   0x2000004c        0x4 ./Core/Src/main.o
                0x2000004c                IC_Val1
 .bss.IC_Val2   0x20000050        0x4 ./Core/Src/main.o
                0x20000050                IC_Val2
 .bss.Is_First_Captured
                0x20000054        0x1 ./Core/Src/main.o
                0x20000054                Is_First_Captured
 *fill*         0x20000055        0x3 
 .bss.Distance  0x20000058        0x4 ./Core/Src/main.o
                0x20000058                Distance
 .bss.Object_Detected
                0x2000005c        0x1 ./Core/Src/main.o
                0x2000005c                Object_Detected
 .bss.Servo_Angle_At_Detection
                0x2000005d        0x1 ./Core/Src/main.o
                0x2000005d                Servo_Angle_At_Detection
 .bss.current_servo_angle
                0x2000005e        0x1 ./Core/Src/main.o
                0x2000005e                current_servo_angle
 *fill*         0x2000005f        0x1 
 .bss.current_pulse_value
                0x20000060        0x2 ./Core/Src/main.o
                0x20000060                current_pulse_value
 *fill*         0x20000062        0x2 
 .bss.stepper_position
                0x20000064        0x4 ./Core/Src/main.o
                0x20000064                stepper_position
 .bss.stepper_target
                0x20000068        0x4 ./Core/Src/main.o
                0x20000068                stepper_target
 .bss.stepper_index
                0x2000006c        0x1 ./Core/Src/main.o
                0x2000006c                stepper_index
 .bss.button1_pressed
                0x2000006d        0x1 ./Core/Src/main.o
                0x2000006d                button1_pressed
 .bss.button2_pressed
                0x2000006e        0x1 ./Core/Src/main.o
                0x2000006e                button2_pressed
 .bss.button3_pressed
                0x2000006f        0x1 ./Core/Src/main.o
                0x2000006f                button3_pressed
 .bss.mode2_timer
                0x20000070        0x4 ./Core/Src/main.o
                0x20000070                mode2_timer
 .bss.mode2_active
                0x20000074        0x1 ./Core/Src/main.o
                0x20000074                mode2_active
 .bss.mode2_servo_stopped
                0x20000075        0x1 ./Core/Src/main.o
                0x20000075                mode2_servo_stopped
 .bss.last_detected_angle
                0x20000076        0x1 ./Core/Src/main.o
                0x20000076                last_detected_angle
 *fill*         0x20000077        0x1 
 .bss.last_detection_time
                0x20000078        0x4 ./Core/Src/main.o
                0x20000078                last_detection_time
 .bss.led_blink_state
                0x2000007c        0x1 ./Core/Src/main.o
                0x2000007c                led_blink_state
 *fill*         0x2000007d        0x3 
 .bss.last_blink_time
                0x20000080        0x4 ./Core/Src/main.o
                0x20000080                last_blink_time
 .bss.last_button1_time
                0x20000084        0x4 ./Core/Src/main.o
                0x20000084                last_button1_time
 .bss.last_button2_time
                0x20000088        0x4 ./Core/Src/main.o
                0x20000088                last_button2_time
 .bss.last_button3_time
                0x2000008c        0x4 ./Core/Src/main.o
                0x2000008c                last_button3_time
 .bss.closest_distance
                0x20000090        0x4 ./Core/Src/main.o
                0x20000090                closest_distance
 .bss.closest_angle
                0x20000094        0x1 ./Core/Src/main.o
                0x20000094                closest_angle
 .bss.tracking_closest
                0x20000095        0x1 ./Core/Src/main.o
                0x20000095                tracking_closest
 .bss.laser_active
                0x20000096        0x1 ./Core/Src/main.o
                0x20000096                laser_active
 *fill*         0x20000097        0x1 
 .bss.laser_start_time
                0x20000098        0x4 ./Core/Src/main.o
                0x20000098                laser_start_time
 .bss.mode3_button_pressed
                0x2000009c        0x1 ./Core/Src/main.o
                0x2000009c                mode3_button_pressed
 .bss.mode3_servo_moving
                0x2000009d        0x1 ./Core/Src/main.o
                0x2000009d                mode3_servo_moving
 .bss.mode3_scan_complete
                0x2000009e        0x1 ./Core/Src/main.o
                0x2000009e                mode3_scan_complete
 *fill*         0x2000009f        0x1 
 .bss.last_mode3_check_time
                0x200000a0        0x4 ./Core/Src/main.o
                0x200000a0                last_mode3_check_time
 .bss.last_step_time.0
                0x200000a4        0x4 ./Core/Src/main.o
 .bss.htim2     0x200000a8       0x48 ./Core/Src/tim.o
                0x200000a8                htim2
 .bss.htim14    0x200000f0       0x48 ./Core/Src/tim.o
                0x200000f0                htim14
 .bss.uwTick    0x20000138        0x4 ./Drivers/STM32F0xx_HAL_Driver/Src/stm32f0xx_hal.o
                0x20000138                uwTick
 *(COMMON)
                0x2000013c                        . = ALIGN (0x4)
                0x2000013c                        _ebss = .
                0x2000013c                        __bss_end__ = _ebss

._user_heap_stack
                0x2000013c      0x604 load address 0x080037e8
                0x20000140                        . = ALIGN (0x8)
 *fill*         0x2000013c        0x4 
                [!provide]                        PROVIDE (end = .)
                0x20000140                        PROVIDE (_end = .)
                0x20000340                        . = (. + _Min_Heap_Size)
 *fill*         0x20000140      0x200 
                0x20000740                        . = (. + _Min_Stack_Size)
 *fill*         0x20000340      0x400 
                0x20000740                        . = ALIGN (0x8)

/DISCARD/
 libc.a(*)
 libm.a(*)
 libgcc.a(*)

.ARM.attributes
                0x00000000       0x28
 *(.ARM.attributes)
 .ARM.attributes
                0x00000000       0x1e E:/stm32stvari/stmide/STM32CubeIDE_1.18.1/STM32CubeIDE/plugins/com.st.stm32cube.ide.mcu.externaltools.gnu-tools-for-stm32.13.3.rel1.win32_1.0.0.202411081344/tools/bin/../lib/gcc/arm-none-eabi/13.3.1/thumb/v6-m/nofp/crti.o
 .ARM.attributes
                0x0000001e       0x2c E:/stm32stvari/stmide/STM32CubeIDE_1.18.1/STM32CubeIDE/plugins/com.st.stm32cube.ide.mcu.externaltools.gnu-tools-for-stm32.13.3.rel1.win32_1.0.0.202411081344/tools/bin/../lib/gcc/arm-none-eabi/13.3.1/thumb/v6-m/nofp/crtbegin.o
 .ARM.attributes
                0x0000004a       0x2c ./Core/Src/gpio.o
 .ARM.attributes
                0x00000076       0x2c ./Core/Src/main.o
 .ARM.attributes
                0x000000a2       0x2c ./Core/Src/stm32f0xx_hal_msp.o
 .ARM.attributes
                0x000000ce       0x2c ./Core/Src/stm32f0xx_it.o
 .ARM.attributes
                0x000000fa       0x2c ./Core/Src/system_stm32f0xx.o
 .ARM.attributes
                0x00000126       0x2c ./Core/Src/tim.o
 .ARM.attributes
                0x00000152       0x21 ./Core/Startup/startup_stm32f031k6tx.o
 .ARM.attributes
                0x00000173       0x2c ./Drivers/STM32F0xx_HAL_Driver/Src/stm32f0xx_hal.o
 .ARM.attributes
                0x0000019f       0x2c ./Drivers/STM32F0xx_HAL_Driver/Src/stm32f0xx_hal_cortex.o
 .ARM.attributes
                0x000001cb       0x2c ./Drivers/STM32F0xx_HAL_Driver/Src/stm32f0xx_hal_gpio.o
 .ARM.attributes
                0x000001f7       0x2c ./Drivers/STM32F0xx_HAL_Driver/Src/stm32f0xx_hal_rcc.o
 .ARM.attributes
                0x00000223       0x2c ./Drivers/STM32F0xx_HAL_Driver/Src/stm32f0xx_hal_tim.o
 .ARM.attributes
                0x0000024f       0x2c ./Drivers/STM32F0xx_HAL_Driver/Src/stm32f0xx_hal_tim_ex.o
 .ARM.attributes
                0x0000027b       0x2c E:/stm32stvari/stmide/STM32CubeIDE_1.18.1/STM32CubeIDE/plugins/com.st.stm32cube.ide.mcu.externaltools.gnu-tools-for-stm32.13.3.rel1.win32_1.0.0.202411081344/tools/bin/../lib/gcc/arm-none-eabi/13.3.1/../../../../arm-none-eabi/lib/thumb/v6-m/nofp\libc_nano.a(libc_a-memset.o)
 .ARM.attributes
                0x000002a7       0x2c E:/stm32stvari/stmide/STM32CubeIDE_1.18.1/STM32CubeIDE/plugins/com.st.stm32cube.ide.mcu.externaltools.gnu-tools-for-stm32.13.3.rel1.win32_1.0.0.202411081344/tools/bin/../lib/gcc/arm-none-eabi/13.3.1/../../../../arm-none-eabi/lib/thumb/v6-m/nofp\libc_nano.a(libc_a-init.o)
 .ARM.attributes
                0x000002d3       0x1e E:/stm32stvari/stmide/STM32CubeIDE_1.18.1/STM32CubeIDE/plugins/com.st.stm32cube.ide.mcu.externaltools.gnu-tools-for-stm32.13.3.rel1.win32_1.0.0.202411081344/tools/bin/../lib/gcc/arm-none-eabi/13.3.1/thumb/v6-m/nofp\libgcc.a(_udivsi3.o)
 .ARM.attributes
                0x000002f1       0x1e E:/stm32stvari/stmide/STM32CubeIDE_1.18.1/STM32CubeIDE/plugins/com.st.stm32cube.ide.mcu.externaltools.gnu-tools-for-stm32.13.3.rel1.win32_1.0.0.202411081344/tools/bin/../lib/gcc/arm-none-eabi/13.3.1/thumb/v6-m/nofp\libgcc.a(_divsi3.o)
 .ARM.attributes
                0x0000030f       0x1e E:/stm32stvari/stmide/STM32CubeIDE_1.18.1/STM32CubeIDE/plugins/com.st.stm32cube.ide.mcu.externaltools.gnu-tools-for-stm32.13.3.rel1.win32_1.0.0.202411081344/tools/bin/../lib/gcc/arm-none-eabi/13.3.1/thumb/v6-m/nofp\libgcc.a(_dvmd_tls.o)
 .ARM.attributes
                0x0000032d       0x1e E:/stm32stvari/stmide/STM32CubeIDE_1.18.1/STM32CubeIDE/plugins/com.st.stm32cube.ide.mcu.externaltools.gnu-tools-for-stm32.13.3.rel1.win32_1.0.0.202411081344/tools/bin/../lib/gcc/arm-none-eabi/13.3.1/thumb/v6-m/nofp/crtn.o
OUTPUT(MIkinasspasio.elf elf32-littlearm)
LOAD linker stubs
LOAD E:/stm32stvari/stmide/STM32CubeIDE_1.18.1/STM32CubeIDE/plugins/com.st.stm32cube.ide.mcu.externaltools.gnu-tools-for-stm32.13.3.rel1.win32_1.0.0.202411081344/tools/bin/../lib/gcc/arm-none-eabi/13.3.1/../../../../arm-none-eabi/lib/thumb/v6-m/nofp\libc.a
LOAD E:/stm32stvari/stmide/STM32CubeIDE_1.18.1/STM32CubeIDE/plugins/com.st.stm32cube.ide.mcu.externaltools.gnu-tools-for-stm32.13.3.rel1.win32_1.0.0.202411081344/tools/bin/../lib/gcc/arm-none-eabi/13.3.1/../../../../arm-none-eabi/lib/thumb/v6-m/nofp\libm.a
LOAD E:/stm32stvari/stmide/STM32CubeIDE_1.18.1/STM32CubeIDE/plugins/com.st.stm32cube.ide.mcu.externaltools.gnu-tools-for-stm32.13.3.rel1.win32_1.0.0.202411081344/tools/bin/../lib/gcc/arm-none-eabi/13.3.1/thumb/v6-m/nofp\libgcc.a

.debug_info     0x00000000     0x82ac
 .debug_info    0x00000000      0x408 ./Core/Src/gpio.o
 .debug_info    0x00000408      0xebd ./Core/Src/main.o
 .debug_info    0x000012c5      0x199 ./Core/Src/stm32f0xx_hal_msp.o
 .debug_info    0x0000145e      0x69a ./Core/Src/stm32f0xx_it.o
 .debug_info    0x00001af8      0x242 ./Core/Src/system_stm32f0xx.o
 .debug_info    0x00001d3a      0xc81 ./Core/Src/tim.o
 .debug_info    0x000029bb       0x30 ./Core/Startup/startup_stm32f031k6tx.o
 .debug_info    0x000029eb      0x65e ./Drivers/STM32F0xx_HAL_Driver/Src/stm32f0xx_hal.o
 .debug_info    0x00003049      0x689 ./Drivers/STM32F0xx_HAL_Driver/Src/stm32f0xx_hal_cortex.o
 .debug_info    0x000036d2      0x5c8 ./Drivers/STM32F0xx_HAL_Driver/Src/stm32f0xx_hal_gpio.o
 .debug_info    0x00003c9a      0x844 ./Drivers/STM32F0xx_HAL_Driver/Src/stm32f0xx_hal_rcc.o
 .debug_info    0x000044de     0x2946 ./Drivers/STM32F0xx_HAL_Driver/Src/stm32f0xx_hal_tim.o
 .debug_info    0x00006e24     0x1488 ./Drivers/STM32F0xx_HAL_Driver/Src/stm32f0xx_hal_tim_ex.o

.debug_abbrev   0x00000000     0x18cc
 .debug_abbrev  0x00000000      0x16f ./Core/Src/gpio.o
 .debug_abbrev  0x0000016f      0x303 ./Core/Src/main.o
 .debug_abbrev  0x00000472       0xc6 ./Core/Src/stm32f0xx_hal_msp.o
 .debug_abbrev  0x00000538      0x1a6 ./Core/Src/stm32f0xx_it.o
 .debug_abbrev  0x000006de      0x11c ./Core/Src/system_stm32f0xx.o
 .debug_abbrev  0x000007fa      0x263 ./Core/Src/tim.o
 .debug_abbrev  0x00000a5d       0x24 ./Core/Startup/startup_stm32f031k6tx.o
 .debug_abbrev  0x00000a81      0x24b ./Drivers/STM32F0xx_HAL_Driver/Src/stm32f0xx_hal.o
 .debug_abbrev  0x00000ccc      0x28c ./Drivers/STM32F0xx_HAL_Driver/Src/stm32f0xx_hal_cortex.o
 .debug_abbrev  0x00000f58      0x1c6 ./Drivers/STM32F0xx_HAL_Driver/Src/stm32f0xx_hal_gpio.o
 .debug_abbrev  0x0000111e      0x28b ./Drivers/STM32F0xx_HAL_Driver/Src/stm32f0xx_hal_rcc.o
 .debug_abbrev  0x000013a9      0x28c ./Drivers/STM32F0xx_HAL_Driver/Src/stm32f0xx_hal_tim.o
 .debug_abbrev  0x00001635      0x297 ./Drivers/STM32F0xx_HAL_Driver/Src/stm32f0xx_hal_tim_ex.o

.debug_aranges  0x00000000      0x978
 .debug_aranges
                0x00000000       0x20 ./Core/Src/gpio.o
 .debug_aranges
                0x00000020       0xa0 ./Core/Src/main.o
 .debug_aranges
                0x000000c0       0x20 ./Core/Src/stm32f0xx_hal_msp.o
 .debug_aranges
                0x000000e0       0x58 ./Core/Src/stm32f0xx_it.o
 .debug_aranges
                0x00000138       0x28 ./Core/Src/system_stm32f0xx.o
 .debug_aranges
                0x00000160       0x50 ./Core/Src/tim.o
 .debug_aranges
                0x000001b0       0x28 ./Core/Startup/startup_stm32f031k6tx.o
 .debug_aranges
                0x000001d8       0xd0 ./Drivers/STM32F0xx_HAL_Driver/Src/stm32f0xx_hal.o
 .debug_aranges
                0x000002a8       0xc0 ./Drivers/STM32F0xx_HAL_Driver/Src/stm32f0xx_hal_cortex.o
 .debug_aranges
                0x00000368       0x58 ./Drivers/STM32F0xx_HAL_Driver/Src/stm32f0xx_hal_gpio.o
 .debug_aranges
                0x000003c0       0x80 ./Drivers/STM32F0xx_HAL_Driver/Src/stm32f0xx_hal_rcc.o
 .debug_aranges
                0x00000440      0x3d0 ./Drivers/STM32F0xx_HAL_Driver/Src/stm32f0xx_hal_tim.o
 .debug_aranges
                0x00000810      0x168 ./Drivers/STM32F0xx_HAL_Driver/Src/stm32f0xx_hal_tim_ex.o

.debug_rnglists
                0x00000000      0x750
 .debug_rnglists
                0x00000000       0x14 ./Core/Src/gpio.o
 .debug_rnglists
                0x00000014       0x7a ./Core/Src/main.o
 .debug_rnglists
                0x0000008e       0x13 ./Core/Src/stm32f0xx_hal_msp.o
 .debug_rnglists
                0x000000a1       0x3d ./Core/Src/stm32f0xx_it.o
 .debug_rnglists
                0x000000de       0x1a ./Core/Src/system_stm32f0xx.o
 .debug_rnglists
                0x000000f8       0x3a ./Core/Src/tim.o
 .debug_rnglists
                0x00000132       0x19 ./Core/Startup/startup_stm32f031k6tx.o
 .debug_rnglists
                0x0000014b       0x97 ./Drivers/STM32F0xx_HAL_Driver/Src/stm32f0xx_hal.o
 .debug_rnglists
                0x000001e2       0x8c ./Drivers/STM32F0xx_HAL_Driver/Src/stm32f0xx_hal_cortex.o
 .debug_rnglists
                0x0000026e       0x3f ./Drivers/STM32F0xx_HAL_Driver/Src/stm32f0xx_hal_gpio.o
 .debug_rnglists
                0x000002ad       0x61 ./Drivers/STM32F0xx_HAL_Driver/Src/stm32f0xx_hal_rcc.o
 .debug_rnglists
                0x0000030e      0x31c ./Drivers/STM32F0xx_HAL_Driver/Src/stm32f0xx_hal_tim.o
 .debug_rnglists
                0x0000062a      0x126 ./Drivers/STM32F0xx_HAL_Driver/Src/stm32f0xx_hal_tim_ex.o

.debug_macro    0x00000000     0xf866
 .debug_macro   0x00000000      0x1c2 ./Core/Src/gpio.o
 .debug_macro   0x000001c2      0xaae ./Core/Src/gpio.o
 .debug_macro   0x00000c70      0x12d ./Core/Src/gpio.o
 .debug_macro   0x00000d9d       0x2e ./Core/Src/gpio.o
 .debug_macro   0x00000dcb       0x22 ./Core/Src/gpio.o
 .debug_macro   0x00000ded       0x22 ./Core/Src/gpio.o
 .debug_macro   0x00000e0f       0x8e ./Core/Src/gpio.o
 .debug_macro   0x00000e9d       0x51 ./Core/Src/gpio.o
 .debug_macro   0x00000eee      0x103 ./Core/Src/gpio.o
 .debug_macro   0x00000ff1       0x6a ./Core/Src/gpio.o
 .debug_macro   0x0000105b      0x1df ./Core/Src/gpio.o
 .debug_macro   0x0000123a       0x1c ./Core/Src/gpio.o
 .debug_macro   0x00001256       0x22 ./Core/Src/gpio.o
 .debug_macro   0x00001278       0xaf ./Core/Src/gpio.o
 .debug_macro   0x00001327      0x391 ./Core/Src/gpio.o
 .debug_macro   0x000016b8     0x754b ./Core/Src/gpio.o
 .debug_macro   0x00008c03       0x66 ./Core/Src/gpio.o
 .debug_macro   0x00008c69     0x34da ./Core/Src/gpio.o
 .debug_macro   0x0000c143      0x190 ./Core/Src/gpio.o
 .debug_macro   0x0000c2d3       0x55 ./Core/Src/gpio.o
 .debug_macro   0x0000c328      0x924 ./Core/Src/gpio.o
 .debug_macro   0x0000cc4c       0xe5 ./Core/Src/gpio.o
 .debug_macro   0x0000cd31      0x1ae ./Core/Src/gpio.o
 .debug_macro   0x0000cedf       0xce ./Core/Src/gpio.o
 .debug_macro   0x0000cfad      0x199 ./Core/Src/gpio.o
 .debug_macro   0x0000d146      0x1ed ./Core/Src/gpio.o
 .debug_macro   0x0000d333       0x34 ./Core/Src/gpio.o
 .debug_macro   0x0000d367       0x43 ./Core/Src/gpio.o
 .debug_macro   0x0000d3aa       0x28 ./Core/Src/gpio.o
 .debug_macro   0x0000d3d2       0xb0 ./Core/Src/gpio.o
 .debug_macro   0x0000d482      0x15a ./Core/Src/gpio.o
 .debug_macro   0x0000d5dc      0x22c ./Core/Src/gpio.o
 .debug_macro   0x0000d808       0x61 ./Core/Src/gpio.o
 .debug_macro   0x0000d869       0xa5 ./Core/Src/gpio.o
 .debug_macro   0x0000d90e       0x4c ./Core/Src/gpio.o
 .debug_macro   0x0000d95a      0x112 ./Core/Src/gpio.o
 .debug_macro   0x0000da6c      0x8f4 ./Core/Src/gpio.o
 .debug_macro   0x0000e360       0x28 ./Core/Src/gpio.o
 .debug_macro   0x0000e388      0x106 ./Core/Src/gpio.o
 .debug_macro   0x0000e48e      0x29c ./Core/Src/main.o
 .debug_macro   0x0000e72a      0x1b8 ./Core/Src/stm32f0xx_hal_msp.o
 .debug_macro   0x0000e8e2      0x1c2 ./Core/Src/stm32f0xx_it.o
 .debug_macro   0x0000eaa4      0x1ae ./Core/Src/system_stm32f0xx.o
 .debug_macro   0x0000ec52      0x1c2 ./Core/Src/tim.o
 .debug_macro   0x0000ee14      0x1d2 ./Drivers/STM32F0xx_HAL_Driver/Src/stm32f0xx_hal.o
 .debug_macro   0x0000efe6      0x1ae ./Drivers/STM32F0xx_HAL_Driver/Src/stm32f0xx_hal_cortex.o
 .debug_macro   0x0000f194      0x1b5 ./Drivers/STM32F0xx_HAL_Driver/Src/stm32f0xx_hal_gpio.o
 .debug_macro   0x0000f349      0x1c0 ./Drivers/STM32F0xx_HAL_Driver/Src/stm32f0xx_hal_rcc.o
 .debug_macro   0x0000f509      0x1af ./Drivers/STM32F0xx_HAL_Driver/Src/stm32f0xx_hal_tim.o
 .debug_macro   0x0000f6b8      0x1ae ./Drivers/STM32F0xx_HAL_Driver/Src/stm32f0xx_hal_tim_ex.o

.debug_line     0x00000000     0xba6b
 .debug_line    0x00000000      0x82c ./Core/Src/gpio.o
 .debug_line    0x0000082c      0xe52 ./Core/Src/main.o
 .debug_line    0x0000167e      0x7f8 ./Core/Src/stm32f0xx_hal_msp.o
 .debug_line    0x00001e76      0x89e ./Core/Src/stm32f0xx_it.o
 .debug_line    0x00002714      0x868 ./Core/Src/system_stm32f0xx.o
 .debug_line    0x00002f7c      0x953 ./Core/Src/tim.o
 .debug_line    0x000038cf       0x7b ./Core/Startup/startup_stm32f031k6tx.o
 .debug_line    0x0000394a      0xa77 ./Drivers/STM32F0xx_HAL_Driver/Src/stm32f0xx_hal.o
 .debug_line    0x000043c1      0xb1f ./Drivers/STM32F0xx_HAL_Driver/Src/stm32f0xx_hal_cortex.o
 .debug_line    0x00004ee0      0xbc9 ./Drivers/STM32F0xx_HAL_Driver/Src/stm32f0xx_hal_gpio.o
 .debug_line    0x00005aa9      0xf08 ./Drivers/STM32F0xx_HAL_Driver/Src/stm32f0xx_hal_rcc.o
 .debug_line    0x000069b1     0x376d ./Drivers/STM32F0xx_HAL_Driver/Src/stm32f0xx_hal_tim.o
 .debug_line    0x0000a11e     0x194d ./Drivers/STM32F0xx_HAL_Driver/Src/stm32f0xx_hal_tim_ex.o

.debug_str      0x00000000    0x5f3c7
 .debug_str     0x00000000    0x5f3c7 ./Core/Src/gpio.o
                              0x5cba3 (size before relaxing)
 .debug_str     0x0005f3c7    0x5d7a1 ./Core/Src/main.o
 .debug_str     0x0005f3c7    0x5c944 ./Core/Src/stm32f0xx_hal_msp.o
 .debug_str     0x0005f3c7    0x5ce70 ./Core/Src/stm32f0xx_it.o
 .debug_str     0x0005f3c7    0x5c9a4 ./Core/Src/system_stm32f0xx.o
 .debug_str     0x0005f3c7    0x5d2bd ./Core/Src/tim.o
 .debug_str     0x0005f3c7       0x7e ./Core/Startup/startup_stm32f031k6tx.o
 .debug_str     0x0005f3c7    0x5cf16 ./Drivers/STM32F0xx_HAL_Driver/Src/stm32f0xx_hal.o
 .debug_str     0x0005f3c7    0x5cd07 ./Drivers/STM32F0xx_HAL_Driver/Src/stm32f0xx_hal_cortex.o
 .debug_str     0x0005f3c7    0x5cb45 ./Drivers/STM32F0xx_HAL_Driver/Src/stm32f0xx_hal_gpio.o
 .debug_str     0x0005f3c7    0x5cde0 ./Drivers/STM32F0xx_HAL_Driver/Src/stm32f0xx_hal_rcc.o
 .debug_str     0x0005f3c7    0x5ddba ./Drivers/STM32F0xx_HAL_Driver/Src/stm32f0xx_hal_tim.o
 .debug_str     0x0005f3c7    0x5d5c6 ./Drivers/STM32F0xx_HAL_Driver/Src/stm32f0xx_hal_tim_ex.o

.comment        0x00000000       0x43
 .comment       0x00000000       0x43 ./Core/Src/gpio.o
                                 0x44 (size before relaxing)
 .comment       0x00000043       0x44 ./Core/Src/main.o
 .comment       0x00000043       0x44 ./Core/Src/stm32f0xx_hal_msp.o
 .comment       0x00000043       0x44 ./Core/Src/stm32f0xx_it.o
 .comment       0x00000043       0x44 ./Core/Src/system_stm32f0xx.o
 .comment       0x00000043       0x44 ./Core/Src/tim.o
 .comment       0x00000043       0x44 ./Drivers/STM32F0xx_HAL_Driver/Src/stm32f0xx_hal.o
 .comment       0x00000043       0x44 ./Drivers/STM32F0xx_HAL_Driver/Src/stm32f0xx_hal_cortex.o
 .comment       0x00000043       0x44 ./Drivers/STM32F0xx_HAL_Driver/Src/stm32f0xx_hal_gpio.o
 .comment       0x00000043       0x44 ./Drivers/STM32F0xx_HAL_Driver/Src/stm32f0xx_hal_rcc.o
 .comment       0x00000043       0x44 ./Drivers/STM32F0xx_HAL_Driver/Src/stm32f0xx_hal_tim.o
 .comment       0x00000043       0x44 ./Drivers/STM32F0xx_HAL_Driver/Src/stm32f0xx_hal_tim_ex.o

.debug_frame    0x00000000     0x2180
 .debug_frame   0x00000000       0x30 ./Core/Src/gpio.o
 .debug_frame   0x00000030      0x21c ./Core/Src/main.o
 .debug_frame   0x0000024c       0x30 ./Core/Src/stm32f0xx_hal_msp.o
 .debug_frame   0x0000027c       0xf0 ./Core/Src/stm32f0xx_it.o
 .debug_frame   0x0000036c       0x4c ./Core/Src/system_stm32f0xx.o
 .debug_frame   0x000003b8       0xf0 ./Core/Src/tim.o
 .debug_frame   0x000004a8      0x2a4 ./Drivers/STM32F0xx_HAL_Driver/Src/stm32f0xx_hal.o
 .debug_frame   0x0000074c      0x2a0 ./Drivers/STM32F0xx_HAL_Driver/Src/stm32f0xx_hal_cortex.o
 .debug_frame   0x000009ec      0x110 ./Drivers/STM32F0xx_HAL_Driver/Src/stm32f0xx_hal_gpio.o
 .debug_frame   0x00000afc      0x198 ./Drivers/STM32F0xx_HAL_Driver/Src/stm32f0xx_hal_rcc.o
 .debug_frame   0x00000c94      0xf00 ./Drivers/STM32F0xx_HAL_Driver/Src/stm32f0xx_hal_tim.o
 .debug_frame   0x00001b94      0x560 ./Drivers/STM32F0xx_HAL_Driver/Src/stm32f0xx_hal_tim_ex.o
 .debug_frame   0x000020f4       0x20 E:/stm32stvari/stmide/STM32CubeIDE_1.18.1/STM32CubeIDE/plugins/com.st.stm32cube.ide.mcu.externaltools.gnu-tools-for-stm32.13.3.rel1.win32_1.0.0.202411081344/tools/bin/../lib/gcc/arm-none-eabi/13.3.1/../../../../arm-none-eabi/lib/thumb/v6-m/nofp\libc_nano.a(libc_a-memset.o)
 .debug_frame   0x00002114       0x2c E:/stm32stvari/stmide/STM32CubeIDE_1.18.1/STM32CubeIDE/plugins/com.st.stm32cube.ide.mcu.externaltools.gnu-tools-for-stm32.13.3.rel1.win32_1.0.0.202411081344/tools/bin/../lib/gcc/arm-none-eabi/13.3.1/../../../../arm-none-eabi/lib/thumb/v6-m/nofp\libc_nano.a(libc_a-init.o)
 .debug_frame   0x00002140       0x20 E:/stm32stvari/stmide/STM32CubeIDE_1.18.1/STM32CubeIDE/plugins/com.st.stm32cube.ide.mcu.externaltools.gnu-tools-for-stm32.13.3.rel1.win32_1.0.0.202411081344/tools/bin/../lib/gcc/arm-none-eabi/13.3.1/thumb/v6-m/nofp\libgcc.a(_udivsi3.o)
 .debug_frame   0x00002160       0x20 E:/stm32stvari/stmide/STM32CubeIDE_1.18.1/STM32CubeIDE/plugins/com.st.stm32cube.ide.mcu.externaltools.gnu-tools-for-stm32.13.3.rel1.win32_1.0.0.202411081344/tools/bin/../lib/gcc/arm-none-eabi/13.3.1/thumb/v6-m/nofp\libgcc.a(_divsi3.o)

.debug_line_str
                0x00000000       0x62
 .debug_line_str
                0x00000000       0x62 ./Core/Startup/startup_stm32f031k6tx.o
